// Jest Snapshot v1, https://goo.gl/fbAQLP

exports[`renders to match the test 1`] = `
<div
  className="home"
>
  <h2>
    Welcome to our page!
  </h2>
  <p>
    Lorem ipsum dolor sit amet consectetur, adipisicing elit. Earum ipsum tempore, ea soluta tenetur expedita dignissimos similique deleniti doloribus fugiat! Necessitatibus, sint doloribus deserunt voluptates impedit cumque alias, aperiam illo dolore explicabo iure culpa distinctio inventore perspiciatis sunt ipsam
  </p>
  <p>
    Lorem ipsum dolor sit amet consectetur, adipisicing elit. Earum ipsum tempore, ea soluta tenetur expedita dignissimos similique deleniti doloribus fugiat! Necessitatibus, sint doloribus deserunt voluptates impedit cumque alias, aperiam illo dolore explicabo iure
  </p>
</div>
`;
